// Vitest Snapshot v1

exports[`Article > renders properly 1`] = `
"<div data-v-41fb85bc=\\"\\" articleid=\\"A-3598264bfc61682d74c4d5fd087a75c821778533\\" class=\\"ma0 pa0 w-100 h-100 overflow-x-hidden overflow-y-scroll\\" title=\\"Hello World\\" content=\\"This is a test content\\">
  <section data-v-41fb85bc=\\"\\">
    <div data-v-41fb85bc=\\"\\" class=\\"br2 ml4 mt5 mr4 pa4 bg-white h-100\\">
      <h2 data-v-41fb85bc=\\"\\" class=\\"pb2\\">Gravida arcu mattis diam dignissim ipsum tellus nulla egestas id turpis</h2>
      <div data-v-41fb85bc=\\"\\" class=\\"pb4\\">
        <p data-v-41fb85bc=\\"\\">l31OdU 2RJkg2</p>
        <p data-v-41fb85bc=\\"\\"> May 11, 2021 at 5:09 AM </p>
      </div>
      <div data-v-41fb85bc=\\"\\">Lorem ipsum dolor sit amet consectetur adipiscing elit sed do eiusmod tempor incididunt ut labore et dolore magna aliqua Tellus id interdum velit laoreet id</div>
      <div data-v-41fb85bc=\\"\\" class=\\"mt4\\">
        <p data-v-41fb85bc=\\"\\">sha = d0f5573575489d1eeefe7d7e5aba2ce84eac50be01d5d5761b308efd4b1c8aea</p>
        <p data-v-41fb85bc=\\"\\">id = A-3598264bfc61682d74c4d5fd087a75c821778533</p>
        <p data-v-41fb85bc=\\"\\">sourceId = S-59f983fee7e25adfada792d0cb5cf842b15b2889</p>
        <p data-v-41fb85bc=\\"\\">isTombstoned = </p>
        <p data-v-41fb85bc=\\"\\">freshness = </p>
      </div>
      <div data-v-41fb85bc=\\"\\" class=\\"vh-25 w-100\\">&nbsp;</div>
    </div>
  </section>
</div>"
`;
